"template<const int PCC>",
"class ModInt{",
"    public:",
"        long long data;",
"        ModInt(){data=0;}",
"        ModInt(const ModInt& x){data=x.data%PCC;}",
"        template<typename T> ModInt(T x) {data=(x%PCC+PCC)%PCC;}",
"        ModInt operator+(const ModInt& x){ModInt y;y.data=(x.data+this->data)%PCC;return y;}",
"        ModInt operator-(const ModInt& x){ModInt y;y.data=((this->data-x.data)%PCC+PCC)%PCC;return y;}",
"        ModInt operator*(const ModInt& x){ModInt y;y.data=((this->data*x.data)%PCC+PCC)%PCC;return y;}",
"        template<typename T> ModInt operator+(const T& x){ModInt y;y.data=(this->data+(x%PCC))%PCC;return y;}",
"                     ModInt operator+(const long long& x){ModInt y;y.data=(this->data+(x%PCC))%PCC;return y;}",
"        template<typename T> ModInt operator*(const T& x){ModInt y;y.data=(this->data*(x%PCC))%PCC;return y;}",
"                          void operator=(const ModInt& x){data=x.data;}",
"        template<typename T>   void operator=(const T& x){data=(x%PCC+PCC)%PCC;}",
"        template<typename T> ModInt operator/(const T& x){ModInt y=x;y.data/=x;return y;}",
"        friend ostream &operator<<(ostream &output,const ModInt &D ){ ",
"            output<<D.data%PCC;",
"            return output;            ",
"        }friend istream &operator>>(istream &input,ModInt &x){",
"            input>>x.data;",
"            x.data%=PCC;",
"            return input;",
"        }template<typename T>",
"        void operator+=(const T& x)     {*this=*this+x;}template<typename T>",
"        void operator*=(const T& x)     {*this=*this*x;}template<typename T>",
"        void operator-=(const T& x)     {*this=*this-x;}",
"        bool operator< (const ModInt &x){return data<x.data;}template<typename T>",
"        bool operator< (const T &x)     {return data<x;}",
"        bool operator> (const ModInt &x){return data>x.data;}template<typename T>",
"        bool operator> (const T &x)     {return data>x;}",
"        bool operator==(const ModInt &x){return data==x.data;}template<typename T>",
"        bool operator==(const T &x)     {return data==x;}",
"        bool operator<=(const ModInt &x){return data<=x.data;}template<typename T>",
"        bool operator<=(const T &x)     {return data<=x;}",
"        bool operator>=(const ModInt &x){return data>=x.data;}template<typename T>",
"        bool operator>=(const T &x)     {return data>=x;}",
"        bool operator!=(const ModInt &x){return data!=x.data;}template<typename T>",
"        bool operator!=(const T &x)     {return data!=x;}",
"        void operator++(){++data;data%=PCC;}",
"        void operator--(){--data;data=(data+PCC)%PCC;}",
"        template<typename T> friend bool operator<(T x,ModInt y)  {return x<y.data; }",
"        template<typename T> friend bool operator>(T x,ModInt y)  {return x>y.data; }",
"        template<typename T> friend bool operator==(T x,ModInt y) {return x==y.data;}",
"        template<typename T> friend bool operator<=(T x,ModInt y) {return x<=y.data;}",
"        template<typename T> friend bool operator>=(T x,ModInt y) {return x>=y.data;}",
"};",
