0.000000
0.000000
0.000000
0.000000
0.000000
0.030846
0.000000
0.269836
0.495190
0.000000
0.000000
0.678774
0.306543
0.076394
0.458489
0.347280
0.000000
0.000000
0.000000
0.061769
0.086761
0.000000
0.000000
0.408610
0.000000
0.000000
0.120803
0.767680
0.732770
0.000000
0.564447
0.349939
0.000000
0.293746
0.000000
0.981695
0.027212
0.657493
0.000000
0.000000
0.000000
0.798619
0.085834
0.000000
0.312029
0.000000
0.000000
0.000000
0.980553
0.000000
0.000000
0.046430
0.788991
0.000000
0.000000
0.000000
0.642156
0.666667
0.000000
0.000000
0.000000
0.000000
0.509172
0.832825
0.459207
0.120411
0.000000
0.640758
0.743190
0.000000
0.890541
0.000000
0.000000
0.637600
0.142195
0.000000
0.989869
0.000000
0.000000
0.069620
0.197125
0.000000
0.984465
0.433529
0.000000
0.493052
0.936249
0.000000
0.000000
0.000000
0.402999
0.844415
0.000000
0.104331
0.000000
0.000000
0.046299
0.000000
0.000000
0.641753
0.512175
0.515852
0.000000
0.310944
0.000000
0.000000
0.000000
0.905983
0.000000
0.000000
0.238565
0.052009
0.079819
0.765407
0.871433
0.768378
0.000000
0.000000
0.692358
0.000000
0.000000
0.408573
0.808307
0.000000
0.000000
0.888017
0.000000
0.000000
0.000000
0.080250
0.000000
0.000000
0.000000
0.102362
0.000000
0.000000
0.000000
0.000000
0.000000
0.000000
0.000000
0.229866
0.399392
0.000000
0.000000
0.000000
0.000000
0.808866
0.690219
0.504062
0.000000
0.000000
0.000000
0.000000
0.000000
0.000000
0.000000
0.502324
0.788679
0.384291
0.709434
0.000000
0.000000
0.196987
0.000000
0.018215
0.626551
0.000000
0.578762
0.340211
0.806541
0.000000
0.000000
0.735154
0.000000
0.943662
0.000000
0.914724
0.000000
0.000000
0.000000
0.452756
0.455641
0.541182
0.000000
0.000000
0.199098
0.000000
0.213048
0.940036
0.628037
0.000000
0.000000
0.000000
0.613792
0.967977
0.000000
0.000000
0.000000
0.580044
0.036059
0.298039
0.000000
0.000000
0.140388
0.128924
0.000000
0.000000
0.771074
0.546644
0.828110
0.254601
0.000000
0.769458
0.000000
0.481719
0.958345
0.717784
0.000000
0.191461
0.683101
0.000000
0.364135
0.244409
0.029431
0.000000
0.540810
0.000000
0.000000
0.703797
0.000000
0.222932
0.112628
0.589302
0.000000
0.000000
0.500982
0.000000
0.000000
0.453267
0.000000
0.000000
0.000000
0.000000
0.000000
0.522657
0.934741
0.594265
0.000000
0.653502
0.000000
0.621440
0.905380
0.318793
0.065383
0.110644
0.751437
0.000000
0.000000
0.335330
0.000000
0.089963
0.000000
0.000000
0.000000
0.291291
0.767788
0.000000
0.000000
0.000000
0.869565
0.000000
0.000000
0.671271
0.000000
0.000000
0.687270
0.000000
0.000000
0.643249
0.108617
0.614382
0.724192
0.569482
0.402133
0.068763
0.000000
0.000000
0.530990
0.473951
0.000000
0.000000
0.000000
0.000000
0.000000
0.018420
0.000000
0.481761
0.000000
0.000000
0.003840
0.710233
0.340706
0.196898
0.000000
0.000000
0.000000
0.000000
0.975307
0.036001
0.665850
0.000000
0.008993
0.740478
0.933590
0.000000
0.346711
0.000000
0.272630
0.000000
0.000000
0.802890
0.000000
0.000000
0.000000
0.000000
0.000000
0.601664
0.471020
0.707530
0.572816
0.000000
0.579171
0.000000
0.000000
0.000000
0.164210
0.996526
0.165481
0.272528
0.000000
0.418433
0.736050
0.000000
0.533134
0.000000
0.000000
0.927270
0.369048
0.000000
0.000000
0.770175
0.393660
0.706968
0.457744
0.000000
0.000000
0.944726
0.573316
0.547951
0.000000
0.572640
0.258856
0.000000
0.922032
0.801717
0.799957
0.578150
0.000000
0.000000
0.223410
0.000000
0.000000
0.000000
0.000000
0.000000
0.000000
0.000000
0.317051
0.000000
0.000000
0.000000
0.609940
0.272174
0.313720
0.000000
0.000000
0.136624
0.215370
0.000000
0.000000
0.437019
0.603774
0.826966
0.200223
0.216706
0.000000
0.924316
0.158938
0.482714
0.691388
0.000000
0.000000
0.000000
0.270922
0.945639
0.000000
0.000000
0.000000
0.000000
0.568803
0.673726
0.000000
0.000000
0.110939
0.000000
0.243451
0.651618
0.116350
0.000000
0.269713
0.000000
0.187337
0.959891
0.216086
0.889713
0.037754
0.000000
0.450208
0.000000
0.860028
0.000000
0.000000
0.000000
0.337665
0.233181
0.638767
0.000000
0.000000
0.774251
0.000000
0.000000
0.000000
0.000000
0.000000
0.818134
0.000000
0.000000
0.453096
0.863050
0.653053
0.538440
0.000000
0.000000
0.184445
0.015635
0.487035
0.000000
0.810627
0.000000
0.125971
0.000000
0.000000
0.610376
0.000000
0.907437
0.000000
0.000000
0.664610
0.000000
0.722742
0.000000
0.517155
0.000000
0.635307
0.000000
0.146010
0.497372
0.000000
0.579412
0.514472
0.135574
0.699005
0.257230
0.000000
0.000000
0.000000
0.460867
0.000000
0.662350
0.000000
0.937450
0.851128
0.042553
0.000000
0.000000
0.000000
0.000000
0.594864
0.000000
0.264991
0.776763
0.733269
0.702340
0.000000
0.000000
0.000000
0.000000
0.583044
0.563379
0.000000
0.000000
0.000000
0.041311
0.804079
0.000000
0.933188
0.000000
0.149417
0.000000
0.022611
0.122129
0.653378
0.566476
0.574854
0.000000
0.356278
0.000000
0.875107
0.926998
0.670677
0.457707
0.684395
0.000000
0.000000
0.189456
0.183166
0.000000
0.000000
0.000000
0.000000
0.369080
0.000000
0.937395
0.000000
0.614685
0.703106
0.000000
0.209042
0.000000
0.000000
0.087067
0.540509
0.000000
0.000000
0.765578
0.000000
0.000000
0.273581
0.000000
0.000000
0.240567
0.786667
0.715438
0.000000
0.000000
0.635621
0.000000
0.000000
0.000000
0.000000
0.214988
0.166730
0.072432
0.000000
0.000000
0.125478
0.341867
0.000000
0.000000
0.000000
0.585299
0.000000
0.378927
0.666118
0.244828
0.000000
0.000000
0.000000
0.000000
0.000000
0.000000
0.721718
0.000000
0.000000
0.000000
0.000000
0.000000
0.734656
0.000000
0.425480
0.000000
0.000000
0.820329
0.000000
0.000000
0.522175
0.000000
0.874268
0.148931
0.000000
0.184393
0.000000
0.918718
0.346650
0.000000
0.000000
0.000000
0.557250
0.813604
0.756975
0.645481
0.000000
0.535498
0.000000
0.033894
0.000000
0.000000
0.000000
0.000000
0.261039
0.767600
0.258407
0.000000
0.137094
0.882538
0.041853
0.000000
0.088750
0.800504
0.206022
0.000000
0.000000
0.569982
0.995397
0.000000
0.000000
0.498020
0.608092
0.000000
0.364800
0.000000
0.671592
0.450123
0.839822
0.617268
0.699152
0.969979
0.000000
0.583942
0.000000
0.000000
0.027596
0.093913
0.025588
0.000000
0.590162
0.054240
0.000000
0.306299
0.625574
0.000000
0.941081
0.752944
0.000000
0.333928
0.000000
0.000000
0.038722
0.364198
0.000000
0.232232
0.908021
0.824300
0.000000
0.000000
0.161098
0.941074
0.878569
0.477619
0.365988
0.786740
0.407997
0.996229
0.000000
0.836935
0.000000
0.781695
0.000000
0.403101
0.900677
0.000000
0.093339
0.000000
0.000000
0.000000
0.208844
0.000000
0.343522
0.557892
0.567201
0.836051
0.338132
0.000000
0.967690
0.208686
0.000000
0.000000
0.000000
0.157147
0.000000
0.000000
0.000000
0.000000
0.000000
0.599934
0.362348
0.136158
0.198692
0.000000
0.299243
0.000000
0.440052
0.184516
0.000000
0.000000
0.087121
0.185632
0.155089
0.971165
0.263944
0.000000
0.217183
0.000000
0.000000
0.472293
0.419210
0.416809
0.127166
0.469400
0.000000
0.492421
0.000000
0.000000
0.362308
0.097090
0.000000
0.561074
0.717851
0.764912
0.000000
0.165774
0.369236
0.863389
0.856661
0.000000
0.000000
0.000000
0.164870
0.000000
0.000000
0.492763
0.000000
0.000000
0.487613
0.911000
0.000000
0.000000
0.037671
0.738059
0.000000
0.000000
0.979637
0.000000
0.808271
0.336072
0.503956
0.262027
0.000000
0.000000
0.423123
0.224658
0.000000
0.031024
0.692520
0.925521
0.000000
0.402083
0.000000
0.378300
0.590247
0.000000
0.000000
0.942998
0.000000
0.000000
0.000000
0.000000
0.000000
0.000000
0.000000
0.432014
0.000000
0.000000
0.327165
0.360292
0.367419
0.000000
0.000000
0.000000
0.000000
0.000000
0.213048
0.659600
0.000000
0.421979
0.885108
0.092405
0.000000
0.000000
0.047177
0.497427
0.290245
0.000000
0.000000
0.000000
0.000000
0.000000
0.000000
0.884079
0.000000
0.177785
0.477904
0.000000
0.000000
0.000000
0.128736
0.000000
0.749237
0.000000
0.000000
0.708521
0.347227
0.985758
0.000000
0.000000
0.000000
0.000000
0.764558
0.172461
0.059826
0.506973
0.230878
0.000000
0.113639
0.610244
0.000000
0.953481
0.000000
0.000000
0.303861
0.049811
0.769960
0.043218
0.979671
0.000000
0.000000
0.000000
0.681266
0.000000
0.021772
0.954040
0.915074
0.939763
0.993486
0.687225
0.153547
0.507706
0.460522
0.926014
0.000000
0.892843
0.000000
0.000000
0.000000
0.000000
0.333367
0.000000
0.139504
0.605833
0.704856
0.365152
0.000000
0.830674
0.337442
0.796362
0.000000
0.000000
0.000000
0.385985
0.000000
0.000000
0.000000
0.229459
0.865968
0.000000
0.000000
0.000000
0.394471
0.000000
0.923218
0.000000
0.000000
0.000000
0.000000
0.000000
0.000000
0.916887
0.000000
0.000000
0.000000
0.000000
0.678740
0.000000
0.000000
0.000000
0.000000
0.776082
0.000000
0.000000
0.396018
0.947130
0.000000
0.000000
0.666848
0.000000
0.935065
0.000000
0.000000
0.805041
0.000000
0.673333
0.000000
0.791623
0.212264
0.000000
0.457615
0.000000
0.000000
0.000000
0.688377
0.000000
0.000000
0.783193
0.947760
0.973997
0.633879
0.000000
0.000000
0.141731
0.612877
0.893247
0.947504
0.985283
0.312952
0.000000
0.000000
0.656347
0.563850
0.731515
0.000000
0.629595
0.000000
0.000000
0.000000
0.000000
0.992265
0.000000
0.000000
0.000000
0.622883
0.000000
0.000000
0.000000
0.000000
0.000000
0.000000
0.000000
0.479381
0.000000
0.000000
0.000000
0.000000
0.000000
0.399793
0.000000
0.094567
0.240100
0.479607
0.000000
0.000000
0.000000
0.675935
0.000000
0.418360
0.173273
0.000000
0.000000
0.000000
0.000000
0.000000
0.000000
0.015045
0.000000
0.000000
0.000000
0.000000
0.000000
0.000000
0.000000
0.000000
0.000000
0.816925
0.000000
0.897657
0.571927
0.806901
0.000000
0.000000
0.332290
0.707534
0.665551
0.758398
0.897015
0.464984
0.000000
0.109503
0.000000
0.723485
0.149030
0.000000
0.640138
0.125522
0.165833
0.849188
0.000000
0.490877
0.000000
0.000000
0.000000
0.576622
0.000000
0.000000
0.000000
0.516808
0.000000
0.753458
0.000000
0.000000
0.000000
0.164122
0.770867
0.253693
0.000000
0.000000
0.000000
0.103892
0.000000
0.000000
0.000000
0.000000
0.301438
0.718877
0.000000
0.000000
0.000000
0.000000
0.200000
0.118358
0.000000
0.951439
0.000000
0.000000
0.000000
0.593887
0.000000
0.000000
0.000000
0.000000
0.000000
0.229068
0.339492
0.566677
0.175600
0.057231
0.900653
0.780818
0.835271
0.000000
0.483424
0.024989
0.431226
0.510926
0.772157
0.000000
0.000000
0.000000
0.000000
0.652174
0.290248
0.000000
0.564650
0.160018
0.607691
0.000000
0.000000
0.385400
0.000000
0.000000
0.000000
0.594530
0.000000
0.726637
0.541757
0.000000
0.000000
0.552281
0.000000
0.000000
0.000000
0.000000
0.446817
0.000000
0.000000
0.000000
0.777599
0.048494
0.382601
0.594857
0.482229
0.000000
0.917707
0.000000
0.000000
0.332068
0.000000
0.626117
0.000000
0.163016
0.000000
0.000000
0.355897
0.119701
0.000000
0.000000
0.000000
0.000000
0.000000
0.000000
0.000000
0.530931
0.344799
0.697494
0.000000
0.000000
0.253153
0.000000
0.451892
0.599278
0.000000
0.177059
0.000000
0.279832
0.933173
0.000000
0.567471
0.000000
0.000000
0.000000
0.000000
0.000000
0.000000
0.000000
0.594803
0.737669
0.000000
0.378922
0.118043
0.599976
0.511595
0.000000
0.325332
0.731504
0.000000
0.000000
0.000000
0.177964
0.000000
0.230903
0.000000
0.000000
0.000000
0.655357
0.685111
0.000000
0.000000
0.000000
0.971501
0.000000
0.000000
0.000000
0.469414
0.242335
0.336061
0.000000
0.193988
0.000000
0.000000
0.000000
0.359585
0.985491
0.000000
0.653527
0.000000
0.370668
0.000000
0.387495
0.391251
0.914999
0.886491
0.107432
0.000000
0.000000
0.000000
0.000000
0.069588
0.037122
0.086470
0.000000
0.000000
0.950208
0.898796
0.000000
0.000000
0.557847
0.000000
0.997073
0.053427
0.000000
0.621192
0.000612
0.000000
0.940456
0.000000
0.000000
0.000000
0.000000
0.767303
0.000000
0.548834
0.383665
0.000000
0.462131
0.366487
0.000000
0.000000
0.755519
0.000000
0.979180
0.256864
0.000000
0.000000
0.066764
0.983283
0.000000
0.000000
0.389277
0.000000
0.000000
0.091629
0.000000
0.000000
0.000000
0.000000
0.000000
0.850923
0.158441
0.000000
0.000000
0.635486
0.000000
0.581385
0.565039
0.555744
0.415433
0.000000
0.000000
0.047143
0.667157
0.289878
0.314161
0.311608
0.808278
0.466315
0.169888
0.650737
0.000000
0.553772
0.000000
0.207905
0.304432
0.749714
0.206771
0.955034
0.000000
0.000000
0.693682
0.687305
0.000000
0.546647
0.000000
0.000000
0.737780
0.432179
0.000000
0.912674
0.000000
0.000000
0.000000
0.133378
0.000000
0.734026
0.526652
0.000000
0.911061
0.000000
0.935682
0.750957
0.063718
0.782665
0.468684
0.062299
0.000000
0.372374
0.610907
0.569058
0.000000
0.120357
0.381870
0.362476
0.764111
0.391551
0.993743
0.912684
0.000000
0.000000
0.964770
0.000000
0.591549
0.000000
0.000000
0.771963
0.902088
0.000000
0.718537
0.918166
0.000000
0.010969
0.000000
0.000000
0.000000
0.069025
0.000000
0.712802
0.855175
0.281120
0.267627
0.000000
0.000000
0.639898
0.496177
0.931529
0.771503
0.000000
0.000000
0.362610
0.330748
0.000000
0.000000
0.000000
0.323698
0.771310
0.000000
0.000000
0.671154
0.565288
0.108350
0.000000
0.088022
0.000000
0.000000
0.000000
0.058323
0.742143
0.902393
0.000000
0.000000
0.000000
0.194841
0.000000
0.000000
0.127123
0.000000
0.000000
0.000000
0.992316
0.104772
0.000000
0.006488
0.000000
0.395202
0.000000
0.000000
0.000000
0.626975
0.096184
0.939157
0.000000
0.000000
0.351986
0.446025
0.000000
0.929793
0.089000
0.052778
0.000000
0.594604
0.144990
0.433370
0.489807
0.000000
0.248033
0.000000
0.415831
0.034659
0.000000
0.000000
0.000000
0.335066
0.034566
0.623295
0.052140
0.055152
0.253219
0.661207
0.000000
0.000000
0.075417
0.000000
0.097749
0.000000
0.000000
0.000000
0.000000
0.000000
0.213616
0.873292
0.000000
0.000000
0.195184
0.366114
0.514219
0.000000
0.090094
0.678338
0.220749
0.468278
0.509330
0.000000
0.495947
0.000000
0.000000
0.776220
0.748992
0.834023
0.000000
0.000000
0.000000
0.617856
0.000000
0.000000
0.000000
0.000000
0.932333
0.000000
0.000000
0.013768
0.490942
0.000000
0.385253
0.318456
0.848939
0.000000
0.982010
0.654589
0.000000
0.000000
0.000000
0.000000
0.829882
0.000000
0.230124
1.000000
0.000000
0.807860
0.399618
0.557278
0.456543
0.510438
0.134685
0.112824
0.415315
0.000000
0.000000
0.910382
0.444294
0.000000
0.230769
0.000000
0.281469
0.071099
0.549401
0.000000
0.000000
0.718360
0.086172
0.262243
0.000000
0.085891
0.000000
0.820622
0.820033
0.000000
0.000000
0.747879
0.036764
0.000000
0.000000
0.000000
0.000000
0.076858
0.295362
0.000000
0.000000
0.000000
0.859494
0.000000
0.560675
0.762091
0.757809
0.000000
0.000000
0.000000
0.000000
0.000000
0.000000
0.000000
0.000000
0.895999
0.000000
0.123279
0.088674
0.730362
0.750847
0.000000
0.000000
0.000000
0.000000
0.000000
0.364711
0.000000
0.000000
0.000000
0.000000
0.000000
0.968833
0.494638
0.000000
0.080344
0.043420
0.642384
0.905658
0.000000
0.547609
0.930420
0.868508
0.505817
0.000000
0.460519
0.666629
0.000000
0.000000
0.000000
0.156028
0.017749
0.931676
0.586636
0.000000
0.523465
0.000000
0.000000
0.792273
0.000000
0.856912
0.000000
0.000000
0.816775
0.000000
0.459887
0.000000
0.841956
0.659134
0.000000
0.666885
0.663829
0.000000
0.449758
0.000000
0.312662
0.000000
0.000000
0.488852
0.000000
0.000000
0.226188
0.000000
0.000000
0.000000
0.000000
0.000000
0.484921
0.000000
0.693626
0.485428
0.000000
0.738957
0.310769
0.000000
0.000000
0.000000
0.000000
0.000000
0.000000
0.000000
0.000000
0.068720
0.000000
0.000000
0.624214
0.125423
0.284666
0.000000
0.805562
0.703494
0.871480
0.393079
0.661829
0.000000
0.000000
0.000000
0.000000
0.203683
0.622063
0.000000
0.793333
0.000000
0.000000
0.000000
0.507267
0.000000
0.000000
0.000000
0.000000
0.683305
0.000000
0.075674
0.000000
0.000000
0.000000
0.000000
0.000000
0.898998
0.650560
0.936904
0.000000
0.520962
0.000000
0.585395
0.399796
0.000000
0.000000
0.000000
0.074776
0.000000
0.000000
0.048265
0.532989
0.690172
0.000000
0.658291
0.000000
0.934156
0.555834
0.000000
0.000000
0.000000
0.311810
0.000000
0.000000
0.421957
0.155934
0.000000
0.991582
0.693424
0.000000
0.995698
0.000000
0.000000
0.000000
0.520295
0.000000
0.053663
0.000000
0.413574
0.547149
0.000000
0.628940
0.000000
0.541046
0.000000
0.735377
0.690175
0.943160
0.000000
0.000000
0.000000
0.008210
0.127892
0.000000
0.808482
0.280409
0.225111
0.000000
0.000000
0.000000
0.000000
0.000000
0.000000
0.333228
0.373257
0.405950
0.495494
0.000000
0.284051
0.000000
0.000000
0.783286
0.568639
0.000000
0.402537
0.000000
0.630183
0.834331
0.641955
0.000000
0.000000
0.000000
0.001394
0.000000
0.000000
0.434064
0.738274
0.017708
0.000000
0.000000
0.000000
0.000000
0.013230
0.000000
0.000000
0.686811
0.164549
0.035890
0.865950
0.515247
0.000000
0.560048
0.696267
0.864753
0.830502
0.168574
0.833965
0.000000
0.000000
0.402890
0.000000
0.000000
0.000000
0.000000
0.000000
0.000000
0.000000
0.000000
0.736229
0.000000
0.000000
0.000000
0.515712
0.407348
0.180848
0.000000
0.925329
0.342548
0.346862
0.186787
0.216728
0.000000
0.000000
0.869655
0.393346
0.430964
0.253137
0.000000
0.000000
0.396000
0.000000
0.000000
0.000000
0.205092
0.000000
0.000000
0.000000
0.000000
0.000000
0.000000
0.000000
0.685489
0.000000
0.000000
0.000000
0.000000
0.000000
0.000000
0.000000
0.000000
0.000000
0.249690
0.408996
0.000000
0.000000
0.898911
0.170779
0.025437
0.000000
0.000000
0.815147
0.174262
0.000000
0.000000
0.759410
0.000000
0.464655
0.273161
0.000000
0.000000
0.344963
0.000000
0.554502
0.000000
0.283306
0.889744
0.875380
0.810981
0.000000
0.080592
0.000000
0.000000
0.000000
0.000000
0.000000
0.000000
0.641473
0.165513
0.000000
0.696366
0.000000
0.014325
0.000000
0.000000
0.000000
0.855862
0.000000
0.120882
0.084337
0.000000
0.000000
0.000000
0.644516
0.647199
0.517431
0.000000
0.000000
0.000000
0.376540
0.000000
0.000000
0.779143
0.174282
0.000000
0.555227
0.000000
0.554793
0.226792
0.230501
0.000000
0.610127
0.000000
0.167496
0.000000
0.000000
0.089596
0.024341
0.470305
0.000000
0.000000
0.841560
0.000000
0.000000
0.459241
0.000000
0.876448
0.000000
0.000000
0.829452
0.000000
0.815624
0.000000
0.873696
0.372969
0.210906
0.000000
0.533403
0.278800
0.889132
0.830058
0.075333
0.098584
0.801268
0.000000
0.000000
0.965512
0.406585
0.234119
0.631920
0.000000
0.069620
0.000000
0.000000
0.473167
0.000000
0.658143
0.970227
0.867919
0.000000
0.083889
0.868173
0.000000
0.051453
0.000000
0.487581
0.697693
0.000000
0.526968
0.000000
0.694997
0.000000
0.000000
0.000000
0.974502
0.284437
0.206612
0.000000
0.000000
0.664999
0.000000
0.000000
0.077922
0.634943
